
   WARN  Metadata found in doc-comment for method Tests\Feature\EmpresaTest::empresa_can_view_dashboard(). Metadata in doc-comments is deprecated and will no longer be supported in PHPUnit 12. Update your test code to use attributes instead.

   WARN  Metadata found in doc-comment for method Tests\Feature\EmpresaTest::empresa_can_create_project(). Metadata in doc-comments is deprecated and will no longer be supported in PHPUnit 12. Update your test code to use attributes instead.

   WARN  Metadata found in doc-comment for method Tests\Feature\EmpresaTest::empresa_can_update_project(). Metadata in doc-comments is deprecated and will no longer be supported in PHPUnit 12. Update your test code to use attributes instead.

   WARN  Metadata found in doc-comment for method Tests\Feature\EmpresaTest::empresa_can_delete_project(). Metadata in doc-comments is deprecated and will no longer be supported in PHPUnit 12. Update your test code to use attributes instead.

   WARN  Metadata found in doc-comment for method Tests\Feature\EmpresaTest::empresa_can_update_profile(). Metadata in doc-comments is deprecated and will no longer be supported in PHPUnit 12. Update your test code to use attributes instead.

   FAIL  Tests\Feature\EmpresaTest
  Ô¿» empresa can view dashboard
  ÔöÇÔöÇÔöÇÔöÇÔöÇÔöÇÔöÇÔöÇÔöÇÔöÇÔöÇÔöÇÔöÇÔöÇÔöÇÔöÇÔöÇÔöÇÔöÇÔöÇ  
   FÔÇª  QueryException   
  could not find driver (Connection: sqlite, SQL: PRAGMA foreign_keys = ON;)

  at vendor\laravel\framework\src\Illuminate\Database\Connection.php:825
    821Ôûò                     $this->getName(), $query, $this->prepareBindings($bindings), $e
    822Ôûò                 );
    823Ôûò             }
    824Ôûò 
  Ô×£ 825Ôûò             throw new QueryException(
    826Ôûò                 $this->getName(), $query, $this->prepareBindings($bindings), $e
    827Ôûò             );
    828Ôûò         }
    829Ôûò     }

  1   vendor\laravel\framework\src\Illuminate\Database\Connection.php:825

  2   vendor\laravel\framework\src\Illuminate\Database\Connectors\Connector.php:67
      NunoMaduro\Collision\Exceptions\TestException::("could not find driver")


  Tests:    1 failed (0 assertions)
  Duration: 0.47s

